resource module not available on Windows
================================================================================
Exp18 repo-scale reasoning ceiling — gemma4:e4b router+retry, tasks ['multihop3', 'multineedle'], sizes ['50k', '100k', '200k'], n=8
================================================================================
  [Healthcheck] OK ['bge-m3:latest', 'gemma4:e2b', 'gemma4:e4b']
  [Resume] exp18_reposcale_gemma4_e4b.json
  [skip] multihop3 50k
  [skip] multihop3 100k

############################################################
# multihop3 200k (~245920 tok, 13300 lines, needles@20/55/85%)
############################################################
  Cycle 1 | phase=DECOMPOSE | assertions=0 | confidence=1.00
    B: ⚠ no assertions to critique | 0ms
    C: not converged | 7879ms
  Cycle 2 | phase=DECOMPOSE | assertions=0 | confidence=0.90
    B: 2 judged, 0 invalid, 0 suspect | 10851ms
    C: CONVERGED → CONVERGED | 6345ms
  ✓ Converged at cycle 2 (C decided)
  Cycle 1 | phase=DECOMPOSE | assertions=0 | confidence=1.00
    B: ⚠ no assertions to critique | 0ms
    C: not converged | 5577ms
  Cycle 2 | phase=DECOMPOSE | assertions=0 | confidence=0.90
    B: ⚠ no assertions to critique | 0ms
    C: not converged | 5960ms
  Cycle 3 | phase=DECOMPOSE | assertions=0 | confidence=0.80
    B: 3 judged, 0 invalid, 0 suspect | 11930ms
    C: CONVERGED → CONVERGED | 6065ms
  ✓ Converged at cycle 3 (C decided)
  Cycle 1 | phase=DECOMPOSE | assertions=0 | confidence=1.00
    B: ⚠ no assertions to critique | 0ms
    C: not converged | 6348ms
  Cycle 2 | phase=DECOMPOSE | assertions=0 | confidence=0.90
    B: 2 judged, 0 invalid, 0 suspect | 15664ms
    C: not converged | 7932ms
  Cycle 3 | phase=DECOMPOSE | assertions=2 | confidence=0.85
    B: 2 judged, 0 invalid, 0 suspect | 12103ms
    C: not converged | 10697ms
    → Phase: DECOMPOSE → INVESTIGATE (safety limit)
  Cycle 4 | phase=INVESTIGATE | assertions=2 | confidence=0.70
    B: 2 judged, 0 invalid, 0 suspect | 9850ms
    C: CONVERGED → CONVERGED | 6802ms
  ✓ Converged at cycle 4 (C decided)
  [multihop3 200k t1] score=100% attempts=3
  Cycle 1 | phase=DECOMPOSE | assertions=0 | confidence=1.00
    B: ⚠ no assertions to critique | 0ms
    C: not converged | 5704ms
  Cycle 2 | phase=DECOMPOSE | assertions=0 | confidence=0.90
    B: ⚠ no assertions to critique | 0ms
    C: not converged | 6149ms
  Cycle 3 | phase=DECOMPOSE | assertions=0 | confidence=0.80
    B: ⚠ no assertions to critique | 0ms
    C: not converged | 5508ms
    → Phase: DECOMPOSE → INVESTIGATE (safety limit)
  Cycle 4 | phase=INVESTIGATE | assertions=0 | confidence=0.80
    B: ⚠ no assertions to critique | 0ms
    C: not converged | 6670ms
  Cycle 5 | phase=INVESTIGATE | assertions=0 | confidence=0.70
    B: ⚠ no assertions to critique | 0ms
    C: not converged | 6521ms
  ⚠ Max cycles (5) reached without convergence
  Cycle 1 | phase=DECOMPOSE | assertions=0 | confidence=1.00
    B: ⚠ no assertions to critique | 0ms
    C: not converged | 5329ms
  Cycle 2 | phase=DECOMPOSE | assertions=0 | confidence=0.30
    B: ⚠ no assertions to critique | 0ms
    C: not converged | 9545ms
  Cycle 3 | phase=DECOMPOSE | assertions=0 | confidence=0.90
    B: ⚠ no assertions to critique | 0ms
    C: not converged | 7008ms
    → Phase: DECOMPOSE → INVESTIGATE (safety limit)
  Cycle 4 | phase=INVESTIGATE | assertions=0 | confidence=0.70
    B: ⚠ no assertions to critique | 0ms
    C: not converged | 8191ms
  Cycle 5 | phase=INVESTIGATE | assertions=0 | confidence=0.70
    B: ⚠ no assertions to critique | 0ms
    C: not converged | 6850ms
  ⚠ Max cycles (5) reached without convergence
  Cycle 1 | phase=DECOMPOSE | assertions=0 | confidence=1.00
    B: 2 judged, 0 invalid, 0 suspect | 12224ms
    C: CONVERGED → CONVERGED | 7795ms
  ✓ Converged at cycle 1 (C decided)
  [multihop3 200k t2] score=100% attempts=3
  Cycle 1 | phase=DECOMPOSE | assertions=0 | confidence=1.00
    B: ⚠ no assertions to critique | 0ms
    C: not converged | 6838ms
  Cycle 2 | phase=DECOMPOSE | assertions=0 | confidence=0.90
    B: ⚠ no assertions to critique | 0ms
    C: not converged | 7604ms
  Cycle 3 | phase=DECOMPOSE | assertions=0 | confidence=0.90
    B: 3 judged, 0 invalid, 0 suspect | 12838ms
    C: CONVERGED → CONVERGED | 6598ms
  ✓ Converged at cycle 3 (C decided)
  Cycle 1 | phase=DECOMPOSE | assertions=0 | confidence=1.00
    B: 2 judged, 0 invalid, 0 suspect | 10189ms
    C: CONVERGED → CONVERGED | 6382ms
  ✓ Converged at cycle 1 (C decided)
  Cycle 1 | phase=DECOMPOSE | assertions=0 | confidence=1.00
    B: ⚠ no assertions to critique | 0ms
    C: not converged | 5631ms
  Cycle 2 | phase=DECOMPOSE | assertions=0 | confidence=0.80
    B: ⚠ no assertions to critique | 0ms
    C: not converged | 6703ms
  Cycle 3 | phase=DECOMPOSE | assertions=0 | confidence=0.90
    B: ⚠ no assertions to critique | 0ms
    C: not converged | 5234ms
    → Phase: DECOMPOSE → INVESTIGATE (safety limit)
  Cycle 4 | phase=INVESTIGATE | assertions=0 | confidence=0.70
    B: 1 judged, 0 invalid, 0 suspect | 9841ms
    C: not converged | 7948ms
  Cycle 5 | phase=INVESTIGATE | assertions=1 | confidence=0.60
    B: 4 judged, 0 invalid, 0 suspect | 12800ms
    C: CONVERGED → CONVERGED | 10213ms
  ✓ Converged at cycle 5 (C decided)
  [multihop3 200k t3] score=100% attempts=3
  Cycle 1 | phase=DECOMPOSE | assertions=0 | confidence=1.00
    B: ⚠ no assertions to critique | 0ms
    C: not converged | 6093ms
  Cycle 2 | phase=DECOMPOSE | assertions=0 | confidence=0.90
    B: 3 judged, 0 invalid, 0 suspect | 12753ms
    C: CONVERGED → CONVERGED | 7118ms
  ✓ Converged at cycle 2 (C decided)
  Cycle 1 | phase=DECOMPOSE | assertions=0 | confidence=1.00
    B: 2 judged, 0 invalid, 0 suspect | 11700ms
    C: not converged | 8003ms
  Cycle 2 | phase=DECOMPOSE | assertions=2 | confidence=0.80
    B: 2 judged, 0 invalid, 0 suspect | 11788ms
    C: not converged | 10816ms
  Cycle 3 | phase=DECOMPOSE | assertions=2 | confidence=0.90
    B: 2 judged, 0 invalid, 0 suspect | 11947ms
    C: CONVERGED → CONVERGED | 8513ms
  ✓ Converged at cycle 3 (C decided)
  Cycle 1 | phase=DECOMPOSE | assertions=0 | confidence=1.00
    B: ⚠ no assertions to critique | 0ms
    C: not converged | 5873ms
  Cycle 2 | phase=DECOMPOSE | assertions=0 | confidence=0.90
    B: 3 judged, 0 invalid, 0 suspect | 13956ms
    C: CONVERGED → CONVERGED | 6900ms
  ✓ Converged at cycle 2 (C decided)
  [multihop3 200k t4] score=100% attempts=3
  Cycle 1 | phase=DECOMPOSE | assertions=0 | confidence=1.00
    B: 2 judged, 0 invalid, 0 suspect | 13582ms
    C: CONVERGED → CONVERGED | 7787ms
  ✓ Converged at cycle 1 (C decided)
  Cycle 1 | phase=DECOMPOSE | assertions=0 | confidence=1.00
    B: 2 judged, 0 invalid, 0 suspect | 12525ms
    C: CONVERGED → CONVERGED | 7241ms
  ✓ Converged at cycle 1 (C decided)
  Cycle 1 | phase=DECOMPOSE | assertions=0 | confidence=1.00
    B: ⚠ no assertions to critique | 0ms
    C: not converged | 9144ms
  Cycle 2 | phase=DECOMPOSE | assertions=0 | confidence=0.80
    B: ⚠ no assertions to critique | 0ms
    C: not converged | 8850ms
  Cycle 3 | phase=DECOMPOSE | assertions=0 | confidence=0.60
    B: 3 judged, 0 invalid, 0 suspect | 11842ms
    C: CONVERGED → CONVERGED | 6837ms
  ✓ Converged at cycle 3 (C decided)
  [multihop3 200k t5] score=100% attempts=3
  Cycle 1 | phase=DECOMPOSE | assertions=0 | confidence=1.00
    B: 2 judged, 0 invalid, 0 suspect | 13957ms
    C: not converged | 8464ms
  Cycle 2 | phase=DECOMPOSE | assertions=2 | confidence=0.80
    B: 2 judged, 0 invalid, 0 suspect | 12113ms
    C: CONVERGED → CONVERGED | 8600ms
  ✓ Converged at cycle 2 (C decided)
  Cycle 1 | phase=DECOMPOSE | assertions=0 | confidence=1.00
    B: ⚠ no assertions to critique | 0ms
    C: not converged | 7620ms
  Cycle 2 | phase=DECOMPOSE | assertions=0 | confidence=0.90
    B: 2 judged, 0 invalid, 0 suspect | 9927ms
    C: CONVERGED → CONVERGED | 7467ms
  ✓ Converged at cycle 2 (C decided)
  Cycle 1 | phase=DECOMPOSE | assertions=0 | confidence=1.00
    B: 2 judged, 0 invalid, 0 suspect | 13612ms
    C: not converged | 6789ms
  Cycle 2 | phase=DECOMPOSE | assertions=2 | confidence=0.60
    B: 3 judged, 0 invalid, 0 suspect | 11736ms
    C: CONVERGED → CONVERGED | 9775ms
  ✓ Converged at cycle 2 (C decided)
  [multihop3 200k t6] score=100% attempts=3
  Cycle 1 | phase=DECOMPOSE | assertions=0 | confidence=1.00
    B: 2 judged, 0 invalid, 0 suspect | 11551ms
    C: CONVERGED → CONVERGED | 6904ms
  ✓ Converged at cycle 1 (C decided)
  Cycle 1 | phase=DECOMPOSE | assertions=0 | confidence=1.00
    B: ⚠ no assertions to critique | 0ms
    C: not converged | 8970ms
  Cycle 2 | phase=DECOMPOSE | assertions=0 | confidence=0.70
    B: ⚠ no assertions to critique | 0ms
    C: not converged | 5252ms
  Cycle 3 | phase=DECOMPOSE | assertions=0 | confidence=0.60
    B: ⚠ no assertions to critique | 0ms
    C: not converged | 5288ms
    → Phase: DECOMPOSE → INVESTIGATE (safety limit)
  Cycle 4 | phase=INVESTIGATE | assertions=0 | confidence=0.70
    B: 1 judged, 0 invalid, 0 suspect | 11382ms
    C: CONVERGED → CONVERGED | 7787ms
  ✓ Converged at cycle 4 (C decided)
  Cycle 1 | phase=DECOMPOSE | assertions=0 | confidence=1.00
    B: ⚠ no assertions to critique | 0ms
    C: not converged | 6061ms
  Cycle 2 | phase=DECOMPOSE | assertions=0 | confidence=0.90
    B: 2 judged, 0 invalid, 0 suspect | 12179ms
    C: CONVERGED → CONVERGED | 6586ms
  ✓ Converged at cycle 2 (C decided)
  [multihop3 200k t7] score=100% attempts=3
  Cycle 1 | phase=DECOMPOSE | assertions=0 | confidence=1.00
    B: 2 judged, 0 invalid, 0 suspect | 12219ms
    C: CONVERGED → CONVERGED | 8084ms
  ✓ Converged at cycle 1 (C decided)
  Cycle 1 | phase=DECOMPOSE | assertions=0 | confidence=1.00
    B: 2 judged, 0 invalid, 0 suspect | 12833ms
    C: not converged | 9353ms
  Cycle 2 | phase=DECOMPOSE | assertions=2 | confidence=0.90
    B: 2 judged, 0 invalid, 0 suspect | 14193ms
    C: CONVERGED → CONVERGED | 8999ms
  ✓ Converged at cycle 2 (C decided)
  Cycle 1 | phase=DECOMPOSE | assertions=0 | confidence=1.00
    B: ⚠ no assertions to critique | 0ms
    C: not converged | 6889ms
  Cycle 2 | phase=DECOMPOSE | assertions=0 | confidence=0.90
    B: ⚠ no assertions to critique | 0ms
    C: not converged | 6894ms
  Cycle 3 | phase=DECOMPOSE | assertions=0 | confidence=0.80
    B: ⚠ no assertions to critique | 0ms
    C: not converged | 8854ms
    → Phase: DECOMPOSE → INVESTIGATE (safety limit)
  Cycle 4 | phase=INVESTIGATE | assertions=0 | confidence=0.80
    B: 3 judged, 0 invalid, 0 suspect | 12291ms
    C: CONVERGED → CONVERGED | 6208ms
  ✓ Converged at cycle 4 (C decided)
  [multihop3 200k t8] score=100% attempts=3
  → [multihop3 200k] mean=100% attempts=3 (saved)

############################################################
# multineedle 50k (~59770 tok, 3300 lines, needles@20/55/85%)
############################################################
  Cycle 1 | phase=DECOMPOSE | assertions=0 | confidence=1.00
    B: ⚠ no assertions to critique | 0ms
    C: not converged | 7427ms
  Cycle 2 | phase=DECOMPOSE | assertions=0 | confidence=0.90
    B: 1 judged, 0 invalid, 1 suspect | 12060ms
    C: not converged | 8099ms
  Cycle 3 | phase=DECOMPOSE | assertions=1 | confidence=0.95
    B: 1 judged, 0 invalid, 1 suspect | 12738ms
    C: CONVERGED → CONVERGED | 8552ms
  ✓ Converged at cycle 3 (C decided)
  Cycle 1 | phase=DECOMPOSE | assertions=0 | confidence=1.00
    B: ⚠ no assertions to critique | 0ms
    C: not converged | 6177ms
  Cycle 2 | phase=DECOMPOSE | assertions=0 | confidence=0.90
    B: ⚠ no assertions to critique | 0ms
    C: not converged | 5684ms
  Cycle 3 | phase=DECOMPOSE | assertions=0 | confidence=0.90
    B: 1 judged, 0 invalid, 1 suspect | 9921ms
    C: not converged | 8889ms
    → Phase: DECOMPOSE → INVESTIGATE (safety limit)
  Cycle 4 | phase=INVESTIGATE | assertions=1 | confidence=0.95
    B: 2 judged, 0 invalid, 2 suspect | 10087ms
    C: not converged | 6541ms
  Cycle 5 | phase=INVESTIGATE | assertions=2 | confidence=1.00
    B: 3 judged, 0 invalid, 0 suspect | 12440ms
    C: not converged | 9919ms
  ⚠ Max cycles (5) reached without convergence
  [multineedle 50k t1] score=100% attempts=2
  Cycle 1 | phase=DECOMPOSE | assertions=0 | confidence=1.00
    B: 1 judged, 0 invalid, 1 suspect | 9939ms
    C: not converged | 9971ms
  Cycle 2 | phase=DECOMPOSE | assertions=1 | confidence=0.95
    B: 2 judged, 0 invalid, 2 suspect | 12201ms
    C: CONVERGED → CONVERGED | 13114ms
  ✓ Converged at cycle 2 (C decided)
  Cycle 1 | phase=DECOMPOSE | assertions=0 | confidence=1.00
    B: 1 judged, 0 invalid, 1 suspect | 10715ms
    C: not converged | 8449ms
  Cycle 2 | phase=DECOMPOSE | assertions=1 | confidence=1.00
    B: 2 judged, 0 invalid, 2 suspect | 12264ms
    C: not converged | 11449ms
  Cycle 3 | phase=DECOMPOSE | assertions=2 | confidence=1.00
    B: 3 judged, 0 invalid, 3 suspect | 12850ms
    C: not converged | 11572ms
    → Phase: DECOMPOSE → INVESTIGATE (safety limit)
  Cycle 4 | phase=INVESTIGATE | assertions=3 | confidence=0.90
    B: 4 judged, 0 invalid, 0 suspect | 12416ms
    C: CONVERGED → CONVERGED | 6883ms
  ✓ Converged at cycle 4 (C decided)
  [multineedle 50k t2] score=100% attempts=2
  Cycle 1 | phase=DECOMPOSE | assertions=0 | confidence=1.00
    B: 3 judged, 0 invalid, 0 suspect | 12853ms
    C: not converged | 8108ms
  Cycle 2 | phase=DECOMPOSE | assertions=3 | confidence=0.90
    B: 3 judged, 0 invalid, 0 suspect | 12278ms
    C: CONVERGED → CONVERGED | 7937ms
  ✓ Converged at cycle 2 (C decided)
  Cycle 1 | phase=DECOMPOSE | assertions=0 | confidence=1.00
    B: ⚠ no assertions to critique | 0ms
    C: not converged | 5439ms
  Cycle 2 | phase=DECOMPOSE | assertions=0 | confidence=0.10
    B: 1 judged, 0 invalid, 1 suspect | 10965ms
    C: not converged | 7551ms
  Cycle 3 | phase=DECOMPOSE | assertions=1 | confidence=1.00
    B: 1 judged, 0 invalid, 1 suspect | 12122ms
    C: not converged | 10845ms
    → Phase: DECOMPOSE → INVESTIGATE (safety limit)
  Cycle 4 | phase=INVESTIGATE | assertions=1 | confidence=0.90
    B: 2 judged, 0 invalid, 0 suspect | 12181ms
    C: CONVERGED → CONVERGED | 8368ms
  ✓ Converged at cycle 4 (C decided)
  [multineedle 50k t3] score=100% attempts=2
  Cycle 1 | phase=DECOMPOSE | assertions=0 | confidence=1.00
    B: ⚠ no assertions to critique | 0ms
    C: not converged | 6058ms
  Cycle 2 | phase=DECOMPOSE | assertions=0 | confidence=0.90
    B: 1 judged, 0 invalid, 1 suspect | 12894ms
    C: not converged | 6746ms
  Cycle 3 | phase=DECOMPOSE | assertions=1 | confidence=1.00
    B: 1 judged, 0 invalid, 1 suspect | 10910ms
    C: CONVERGED → CONVERGED | 10504ms
  ✓ Converged at cycle 3 (C decided)
  [multineedle 50k t4] score=100% attempts=1
  Cycle 1 | phase=DECOMPOSE | assertions=0 | confidence=1.00
    B: ⚠ no assertions to critique | 0ms
    C: not converged | 7820ms
  Cycle 2 | phase=DECOMPOSE | assertions=0 | confidence=0.90
    B: 1 judged, 0 invalid, 1 suspect | 11095ms
    C: not converged | 7988ms
  Cycle 3 | phase=DECOMPOSE | assertions=1 | confidence=1.00
    B: 1 judged, 0 invalid, 1 suspect | 11583ms
    C: not converged | 9682ms
    → Phase: DECOMPOSE → INVESTIGATE (safety limit)
  Cycle 4 | phase=INVESTIGATE | assertions=1 | confidence=0.90
    B: 2 judged, 0 invalid, 2 suspect | 12532ms
    C: not converged | 10195ms
  Cycle 5 | phase=INVESTIGATE | assertions=2 | confidence=0.95
    B: 2 judged, 0 invalid, 2 suspect | 11553ms
    C: CONVERGED → CONVERGED | 9594ms
  ✓ Converged at cycle 5 (C decided)
  [multineedle 50k t5] score=100% attempts=1
  Cycle 1 | phase=DECOMPOSE | assertions=0 | confidence=1.00
    B: 1 judged, 0 invalid, 0 suspect | 9339ms
    C: not converged | 9960ms
  Cycle 2 | phase=DECOMPOSE | assertions=1 | confidence=1.00
    B: 1 judged, 0 invalid, 1 suspect | 10459ms
    C: not converged | 9953ms
  Cycle 3 | phase=DECOMPOSE | assertions=1 | confidence=0.90
    B: 1 judged, 0 invalid, 1 suspect | 9203ms
    C: not converged | 10296ms
    → Phase: DECOMPOSE → INVESTIGATE (safety limit)
  Cycle 4 | phase=INVESTIGATE | assertions=1 | confidence=0.90
    B: 2 judged, 0 invalid, 0 suspect | 10332ms
    C: not converged | 11399ms
  Cycle 5 | phase=INVESTIGATE | assertions=2 | confidence=1.00
    B: 3 judged, 0 invalid, 0 suspect | 10982ms
    C: not converged | 10951ms
  ⚠ Max cycles (5) reached without convergence
  [multineedle 50k t6] score=100% attempts=1
  Cycle 1 | phase=DECOMPOSE | assertions=0 | confidence=1.00
    B: 1 judged, 0 invalid, 1 suspect | 10749ms
    C: not converged | 6547ms
  Cycle 2 | phase=DECOMPOSE | assertions=1 | confidence=1.00
    B: 1 judged, 0 invalid, 1 suspect | 9584ms
    C: CONVERGED → CONVERGED | 9500ms
  ✓ Converged at cycle 2 (C decided)
  Cycle 1 | phase=DECOMPOSE | assertions=0 | confidence=1.00
    B: 1 judged, 0 invalid, 0 suspect | 9846ms
    C: converged but invalid next_phase=SYNTHESIZE (expected INVESTIGATE) — ignored | 6163ms
  Cycle 2 | phase=DECOMPOSE | assertions=1 | confidence=1.00
    B: 2 judged, 0 invalid, 2 suspect | 12823ms
    C: not converged | 11347ms
  Cycle 3 | phase=DECOMPOSE | assertions=2 | confidence=0.90
    B: 3 judged, 0 invalid, 3 suspect | 12679ms
    C: not converged | 11905ms
    → Phase: DECOMPOSE → INVESTIGATE (safety limit)
  Cycle 4 | phase=INVESTIGATE | assertions=3 | confidence=0.95
    B: 3 judged, 3 invalid, 0 suspect | 11334ms
    C: not converged | 9129ms
  Cycle 5 | phase=INVESTIGATE | assertions=0 | confidence=0.90
    B: 1 judged, 1 invalid, 0 suspect | 10710ms
    C: CONVERGED → CONVERGED | 11999ms
  ✓ Converged at cycle 5 (C decided)
  [multineedle 50k t7] score=100% attempts=2
  Cycle 1 | phase=DECOMPOSE | assertions=0 | confidence=1.00
    B: 2 judged, 0 invalid, 1 suspect | 11618ms
    C: not converged | 9168ms
  Cycle 2 | phase=DECOMPOSE | assertions=2 | confidence=1.00
    B: 2 judged, 0 invalid, 0 suspect | 8924ms
    C: CONVERGED → CONVERGED | 6209ms
  ✓ Converged at cycle 2 (C decided)
  [multineedle 50k t8] score=100% attempts=1
  → [multineedle 50k] mean=100% attempts=1.5 (saved)

############################################################
# multineedle 100k (~121650 tok, 6700 lines, needles@20/55/85%)
############################################################
  Cycle 1 | phase=DECOMPOSE | assertions=0 | confidence=1.00
    B: ⚠ no assertions to critique | 0ms
    C: not converged | 7714ms
  Cycle 2 | phase=DECOMPOSE | assertions=0 | confidence=0.20
    B: ⚠ no assertions to critique | 0ms
    C: not converged | 7120ms
  Cycle 3 | phase=DECOMPOSE | assertions=0 | confidence=0.10
    B: 1 judged, 0 invalid, 1 suspect | 11056ms
    C: not converged | 7911ms
    → Phase: DECOMPOSE → INVESTIGATE (safety limit)
  Cycle 4 | phase=INVESTIGATE | assertions=1 | confidence=0.90
    B: 2 judged, 0 invalid, 0 suspect | 9812ms
    C: CONVERGED → CONVERGED | 6743ms
  ✓ Converged at cycle 4 (C decided)
  [multineedle 100k t1] score=100% attempts=1
  Cycle 1 | phase=DECOMPOSE | assertions=0 | confidence=1.00
    B: 1 judged, 0 invalid, 1 suspect | 12601ms
    C: not converged | 8065ms
  Cycle 2 | phase=DECOMPOSE | assertions=1 | confidence=0.90
    B: 1 judged, 0 invalid, 1 suspect | 10056ms
    C: not converged | 10148ms
  Cycle 3 | phase=DECOMPOSE | assertions=1 | confidence=0.90
    B: 1 judged, 0 invalid, 1 suspect | 9385ms
    C: not converged | 12123ms
    → Phase: DECOMPOSE → INVESTIGATE (safety limit)
  Cycle 4 | phase=INVESTIGATE | assertions=1 | confidence=0.90
    B: 2 judged, 0 invalid, 0 suspect | 13086ms
    C: not converged | 8315ms
  Cycle 5 | phase=INVESTIGATE | assertions=2 | confidence=1.00
    B: 1 judged, 1 invalid, 0 suspect | 10864ms
    C: not converged | 11740ms
  ⚠ Max cycles (5) reached without convergence
  [multineedle 100k t2] score=100% attempts=1
  Cycle 1 | phase=DECOMPOSE | assertions=0 | confidence=1.00
    B: 1 judged, 0 invalid, 1 suspect | 9726ms
    C: not converged | 7391ms
  Cycle 2 | phase=DECOMPOSE | assertions=1 | confidence=1.00
    B: 1 judged, 0 invalid, 1 suspect | 11125ms
    C: not converged | 9694ms
  Cycle 3 | phase=DECOMPOSE | assertions=1 | confidence=0.90
    B: 2 judged, 0 invalid, 2 suspect | 12443ms
    C: not converged | 10662ms
    → Phase: DECOMPOSE → INVESTIGATE (safety limit)
  Cycle 4 | phase=INVESTIGATE | assertions=2 | confidence=0.95
    B: 3 judged, 0 invalid, 0 suspect | 10657ms
    C: CONVERGED → CONVERGED | 6486ms
  ✓ Converged at cycle 4 (C decided)
  [multineedle 100k t3] score=100% attempts=1
  Cycle 1 | phase=DECOMPOSE | assertions=0 | confidence=1.00
    B: 1 judged, 0 invalid, 0 suspect | 9725ms
    C: not converged | 7355ms
  Cycle 2 | phase=DECOMPOSE | assertions=1 | confidence=1.00
    B: 2 judged, 0 invalid, 0 suspect | 14371ms
    C: CONVERGED → CONVERGED | 7327ms
  ✓ Converged at cycle 2 (C decided)
  [multineedle 100k t4] score=100% attempts=1
  Cycle 1 | phase=DECOMPOSE | assertions=0 | confidence=1.00
    B: 1 judged, 0 invalid, 1 suspect | 9866ms
    C: not converged | 8134ms
  Cycle 2 | phase=DECOMPOSE | assertions=1 | confidence=0.90
    B: 1 judged, 0 invalid, 1 suspect | 11091ms
    C: not converged | 11241ms
  Cycle 3 | phase=DECOMPOSE | assertions=1 | confidence=0.30
    B: 2 judged, 2 invalid, 0 suspect | 10658ms
    C: CONVERGED → CONVERGED | 8454ms
  ✓ Converged at cycle 3 (C decided)
  [multineedle 100k t5] score=100% attempts=1
  Cycle 1 | phase=DECOMPOSE | assertions=0 | confidence=1.00
    B: ⚠ no assertions to critique | 0ms
    C: not converged | 7056ms
  Cycle 2 | phase=DECOMPOSE | assertions=0 | confidence=0.90
    B: 1 judged, 0 invalid, 1 suspect | 10262ms
    C: not converged | 10304ms
  Cycle 3 | phase=DECOMPOSE | assertions=1 | confidence=1.00
    B: 1 judged, 0 invalid, 0 suspect | 11985ms
    C: not converged | 12377ms
    → Phase: DECOMPOSE → INVESTIGATE (safety limit)
  Cycle 4 | phase=INVESTIGATE | assertions=1 | confidence=1.00
    B: 2 judged, 0 invalid, 2 suspect | 12091ms
    C: not converged | 6534ms
  Cycle 5 | phase=INVESTIGATE | assertions=2 | confidence=1.00
    B: 3 judged, 0 invalid, 3 suspect | 14760ms
    C: not converged | 10601ms
  ⚠ Max cycles (5) reached without convergence
  [multineedle 100k t6] score=100% attempts=1
  Cycle 1 | phase=DECOMPOSE | assertions=0 | confidence=1.00
    B: 1 judged, 0 invalid, 0 suspect | 11089ms
    C: CONVERGED → CONVERGED | 7895ms
  ✓ Converged at cycle 1 (C decided)
  Cycle 1 | phase=DECOMPOSE | assertions=0 | confidence=1.00
    B: 1 judged, 0 invalid, 1 suspect | 9186ms
    C: not converged | 9036ms
  Cycle 2 | phase=DECOMPOSE | assertions=1 | confidence=1.00
    B: 1 judged, 0 invalid, 1 suspect | 8669ms
    C: not converged | 9466ms
  Cycle 3 | phase=DECOMPOSE | assertions=1 | confidence=1.00
    B: 2 judged, 0 invalid, 2 suspect | 12879ms
    C: not converged | 11888ms
    → Phase: DECOMPOSE → INVESTIGATE (safety limit)
  Cycle 4 | phase=INVESTIGATE | assertions=2 | confidence=0.90
    B: 3 judged, 0 invalid, 0 suspect | 12500ms
    C: CONVERGED → CONVERGED | 6125ms
  ✓ Converged at cycle 4 (C decided)
  [multineedle 100k t7] score=100% attempts=2
  Cycle 1 | phase=DECOMPOSE | assertions=0 | confidence=1.00
    B: 1 judged, 0 invalid, 0 suspect | 9254ms
    C: CONVERGED → CONVERGED | 6619ms
  ✓ Converged at cycle 1 (C decided)
  [multineedle 100k t8] score=100% attempts=1
  → [multineedle 100k] mean=100% attempts=1.12 (saved)

############################################################
# multineedle 200k (~245919 tok, 13300 lines, needles@20/55/85%)
############################################################
  Cycle 1 | phase=DECOMPOSE | assertions=0 | confidence=1.00
    B: ⚠ no assertions to critique | 0ms
    C: not converged | 8035ms
  Cycle 2 | phase=DECOMPOSE | assertions=0 | confidence=0.20
    B: 1 judged, 0 invalid, 0 suspect | 9286ms
    C: not converged | 8567ms
  Cycle 3 | phase=DECOMPOSE | assertions=1 | confidence=0.90
    B: 1 judged, 0 invalid, 1 suspect | 10618ms
    C: not converged | 8447ms
    → Phase: DECOMPOSE → INVESTIGATE (safety limit)
  Cycle 4 | phase=INVESTIGATE | assertions=1 | confidence=0.90
    B: 1 judged, 0 invalid, 1 suspect | 10603ms
    C: CONVERGED → CONVERGED | 8801ms
  ✓ Converged at cycle 4 (C decided)
  Cycle 1 | phase=DECOMPOSE | assertions=0 | confidence=1.00
    B: ⚠ no assertions to critique | 0ms
    C: not converged | 6159ms
  Cycle 2 | phase=DECOMPOSE | assertions=0 | confidence=0.30
    B: 1 judged, 0 invalid, 1 suspect | 9602ms
    C: not converged | 8877ms
  Cycle 3 | phase=DECOMPOSE | assertions=1 | confidence=1.00
    B: 1 judged, 0 invalid, 1 suspect | 11134ms
    C: not converged | 9806ms
    → Phase: DECOMPOSE → INVESTIGATE (safety limit)
  Cycle 4 | phase=INVESTIGATE | assertions=1 | confidence=0.80
    B: 1 judged, 0 invalid, 0 suspect | 9227ms
    C: CONVERGED → CONVERGED | 6862ms
  ✓ Converged at cycle 4 (C decided)
  [multineedle 200k t1] score=100% attempts=2
  Cycle 1 | phase=DECOMPOSE | assertions=0 | confidence=1.00
    B: ⚠ no assertions to critique | 0ms
    C: not converged | 7813ms
  Cycle 2 | phase=DECOMPOSE | assertions=0 | confidence=0.90
    B: 1 judged, 0 invalid, 1 suspect | 9396ms
    C: not converged | 8225ms
  Cycle 3 | phase=DECOMPOSE | assertions=1 | confidence=1.00
    B: 1 judged, 0 invalid, 1 suspect | 11418ms
    C: not converged | 10656ms
    → Phase: DECOMPOSE → INVESTIGATE (safety limit)
  Cycle 4 | phase=INVESTIGATE | assertions=1 | confidence=1.00
    B: 1 judged, 0 invalid, 0 suspect | 8482ms
    C: CONVERGED → CONVERGED | 8078ms
  ✓ Converged at cycle 4 (C decided)
  [multineedle 200k t2] score=100% attempts=1
  Cycle 1 | phase=DECOMPOSE | assertions=0 | confidence=1.00
    B: 1 judged, 0 invalid, 1 suspect | 9750ms
    C: not converged | 6167ms
  Cycle 2 | phase=DECOMPOSE | assertions=1 | confidence=1.00
    B: 2 judged, 0 invalid, 2 suspect | 14967ms
    C: converged but invalid next_phase=SYNTHESIZE (expected INVESTIGATE) — ignored | 8676ms
  Cycle 3 | phase=DECOMPOSE | assertions=2 | confidence=0.90
    B: 3 judged, 3 invalid, 0 suspect | 15020ms
    C: CONVERGED → CONVERGED | 10131ms
  ✓ Converged at cycle 3 (C decided)
  [multineedle 200k t3] score=100% attempts=1
  Cycle 1 | phase=DECOMPOSE | assertions=0 | confidence=1.00
    B: 3 judged, 0 invalid, 0 suspect | 11551ms
    C: CONVERGED → CONVERGED | 6752ms
  ✓ Converged at cycle 1 (C decided)
  Cycle 1 | phase=DECOMPOSE | assertions=0 | confidence=1.00
    B: ⚠ no assertions to critique | 0ms
    C: not converged | 8009ms
  Cycle 2 | phase=DECOMPOSE | assertions=0 | confidence=0.90
    B: 1 judged, 0 invalid, 1 suspect | 11085ms
    C: not converged | 5907ms
  Cycle 3 | phase=DECOMPOSE | assertions=1 | confidence=1.00
    B: 2 judged, 2 invalid, 0 suspect | 10918ms
    C: CONVERGED → CONVERGED | 9814ms
  ✓ Converged at cycle 3 (C decided)
  [multineedle 200k t4] score=100% attempts=2
  Cycle 1 | phase=DECOMPOSE | assertions=0 | confidence=1.00
    B: ⚠ no assertions to critique | 0ms
    C: not converged | 6493ms
  Cycle 2 | phase=DECOMPOSE | assertions=0 | confidence=0.90
    B: 4 judged, 0 invalid, 0 suspect | 12968ms
    C: not converged | 8155ms
  Cycle 3 | phase=DECOMPOSE | assertions=4 | confidence=0.90
    B: 5 judged, 0 invalid, 0 suspect | 17852ms
    C: CONVERGED → CONVERGED | 8038ms
  ✓ Converged at cycle 3 (C decided)
  Cycle 1 | phase=DECOMPOSE | assertions=0 | confidence=1.00
    B: 1 judged, 0 invalid, 1 suspect | 11157ms
    C: not converged | 7891ms
  Cycle 2 | phase=DECOMPOSE | assertions=1 | confidence=1.00
    B: 1 judged, 0 invalid, 1 suspect | 9523ms
    C: not converged | 9949ms
  Cycle 3 | phase=DECOMPOSE | assertions=1 | confidence=0.90
    B: 1 judged, 0 invalid, 1 suspect | 10659ms
    C: CONVERGED → CONVERGED | 9029ms
  ✓ Converged at cycle 3 (C decided)
  [multineedle 200k t5] score=100% attempts=2
  Cycle 1 | phase=DECOMPOSE | assertions=0 | confidence=1.00
    B: 1 judged, 0 invalid, 1 suspect | 9946ms
    C: not converged | 8455ms
  Cycle 2 | phase=DECOMPOSE | assertions=1 | confidence=1.00
    B: 1 judged, 0 invalid, 1 suspect | 9089ms
    C: not converged | 9442ms
  Cycle 3 | phase=DECOMPOSE | assertions=1 | confidence=1.00
    B: 2 judged, 0 invalid, 2 suspect | 12967ms
    C: not converged | 8878ms
    → Phase: DECOMPOSE → INVESTIGATE (safety limit)
  Cycle 4 | phase=INVESTIGATE | assertions=2 | confidence=1.00
    B: 3 judged, 0 invalid, 0 suspect | 11448ms
    C: CONVERGED → CONVERGED | 7390ms
  ✓ Converged at cycle 4 (C decided)
  [multineedle 200k t6] score=100% attempts=1
  Cycle 1 | phase=DECOMPOSE | assertions=0 | confidence=1.00
    B: ⚠ no assertions to critique | 0ms
    C: not converged | 5847ms
  Cycle 2 | phase=DECOMPOSE | assertions=0 | confidence=0.20
    B: 1 judged, 0 invalid, 0 suspect | 9658ms
    C: not converged | 8547ms
  Cycle 3 | phase=DECOMPOSE | assertions=1 | confidence=1.00
    B: 2 judged, 0 invalid, 2 suspect | 12781ms
    C: not converged | 11054ms
    → Phase: DECOMPOSE → INVESTIGATE (safety limit)
  Cycle 4 | phase=INVESTIGATE | assertions=2 | confidence=0.80
    B: 3 judged, 0 invalid, 0 suspect | 13495ms
    C: CONVERGED → CONVERGED | 5687ms
  ✓ Converged at cycle 4 (C decided)
  [multineedle 200k t7] score=100% attempts=1
  Cycle 1 | phase=DECOMPOSE | assertions=0 | confidence=1.00
    B: 1 judged, 0 invalid, 0 suspect | 12383ms
    C: not converged | 8847ms
  Cycle 2 | phase=DECOMPOSE | assertions=1 | confidence=1.00
    B: 2 judged, 0 invalid, 2 suspect | 12649ms
    C: not converged | 10518ms
  Cycle 3 | phase=DECOMPOSE | assertions=2 | confidence=0.95
    B: 3 judged, 0 invalid, 3 suspect | 13128ms
    C: not converged | 10457ms
    → Phase: DECOMPOSE → INVESTIGATE (safety limit)
  Cycle 4 | phase=INVESTIGATE | assertions=3 | confidence=1.00
    B: 3 judged, 0 invalid, 3 suspect | 14444ms
    C: not converged | 8449ms
  Cycle 5 | phase=INVESTIGATE | assertions=3 | confidence=0.90
    B: 4 judged, 0 invalid, 0 suspect | 12099ms
    C: not converged | 10386ms
  ⚠ Max cycles (5) reached without convergence
  [multineedle 200k t8] score=100% attempts=1
  → [multineedle 200k] mean=100% attempts=1.38 (saved)

================================================================================
SUMMARY — mean_score per task × size (router+retry, mandatory off)
================================================================================
     multihop3: 50k=0.75 | 100k=0.917 | 200k=1.0
   multineedle: 50k=1.0 | 100k=1.0 | 200k=1.0

total elapsed: 5933.4s → D:\privateProject\gemento\experiments\exp15_context_router\results\exp18_reposcale_gemma4_e4b.json
================================================================================
